// Jest Snapshot v1, https://goo.gl/fbAQLP

exports[`Should CatalogComponent render correctly 1`] = `
<section
  className="catalog"
>
  <h2
    className="catalog__title visually-hidden"
  >
    Catalog
  </h2>
  <ul
    className="catalog__genres-list"
  >
    <li
      className="catalog__genres-item"
    >
      <a
        className="catalog__genres-link"
        href="#"
        onClick={[Function]}
      >
        Actions
      </a>
    </li>
    <li
      className="catalog__genres-item"
    >
      <a
        className="catalog__genres-link"
        href="#"
        onClick={[Function]}
      >
        Adventures
      </a>
    </li>
    <li
      className="catalog__genres-item catalog__genres-item--active"
    >
      <a
        className="catalog__genres-link"
        href="#"
        onClick={[Function]}
      >
        All genres
      </a>
    </li>
    <li
      className="catalog__genres-item"
    >
      <a
        className="catalog__genres-link"
        href="#"
        onClick={[Function]}
      >
        Comedies
      </a>
    </li>
    <li
      className="catalog__genres-item"
    >
      <a
        className="catalog__genres-link"
        href="#"
        onClick={[Function]}
      >
        Crime
      </a>
    </li>
    <li
      className="catalog__genres-item"
    >
      <a
        className="catalog__genres-link"
        href="#"
        onClick={[Function]}
      >
        Documentary
      </a>
    </li>
    <li
      className="catalog__genres-item"
    >
      <a
        className="catalog__genres-link"
        href="#"
        onClick={[Function]}
      >
        Dramas
      </a>
    </li>
    <li
      className="catalog__genres-item"
    >
      <a
        className="catalog__genres-link"
        href="#"
        onClick={[Function]}
      >
        Fantasy
      </a>
    </li>
    <li
      className="catalog__genres-item"
    >
      <a
        className="catalog__genres-link"
        href="#"
        onClick={[Function]}
      >
        Horror
      </a>
    </li>
    <li
      className="catalog__genres-item"
    >
      <a
        className="catalog__genres-link"
        href="#"
        onClick={[Function]}
      >
        Kids & Family
      </a>
    </li>
  </ul>
  <div
    className="catalog__movies-list"
  >
    <article
      className="small-movie-card catalog__movies-card"
      onClick={[Function]}
      onMouseEnter={[Function]}
      onMouseLeave={[Function]}
    >
      <div
        className="small-movie-card__image"
      >
        <video
          controls={false}
          height="175"
          loop={true}
          muted={true}
          poster="img/fantastic-beasts-the-crimes-of-grindelwald.jpg"
          preload="none"
          width="280"
        >
          <source
            src="https://download.blender.org/durian/trailer/sintel_trailer-480p.mp4"
            type="video/mp4"
          />
        </video>
      </div>
      <h3
        className="small-movie-card__title"
      >
        <a
          className="small-movie-card__link"
          href=""
        >
          Fantastic Beasts: The Crimes of Grindelwald
        </a>
      </h3>
    </article>
    <article
      className="small-movie-card catalog__movies-card"
      onClick={[Function]}
      onMouseEnter={[Function]}
      onMouseLeave={[Function]}
    >
      <div
        className="small-movie-card__image"
      >
        <video
          controls={false}
          height="175"
          loop={true}
          muted={true}
          poster="img/bohemian-rhapsody.jpg"
          preload="none"
          width="280"
        >
          <source
            src="https://download.blender.org/durian/trailer/sintel_trailer-480p.mp4"
            type="video/mp4"
          />
        </video>
      </div>
      <h3
        className="small-movie-card__title"
      >
        <a
          className="small-movie-card__link"
          href=""
        >
          Bohemian Rhapsody
        </a>
      </h3>
    </article>
    <article
      className="small-movie-card catalog__movies-card"
      onClick={[Function]}
      onMouseEnter={[Function]}
      onMouseLeave={[Function]}
    >
      <div
        className="small-movie-card__image"
      >
        <video
          controls={false}
          height="175"
          loop={true}
          muted={true}
          poster="img/macbeth.jpg"
          preload="none"
          width="280"
        >
          <source
            src="https://download.blender.org/durian/trailer/sintel_trailer-480p.mp4"
            type="video/mp4"
          />
        </video>
      </div>
      <h3
        className="small-movie-card__title"
      >
        <a
          className="small-movie-card__link"
          href=""
        >
          Macbeth
        </a>
      </h3>
    </article>
  </div>
</section>
`;
