// Jest Snapshot v1, https://goo.gl/fbAQLP

exports[`Should PrivateRouteComponent render correctly 1`] = `null`;
