// Jest Snapshot v1, https://goo.gl/fbAQLP

exports[`Should FilmsComponent render correctly 1`] = `
<div
  className="catalog__movies-list"
>
  <article
    className="small-movie-card catalog__movies-card"
    onClick={[Function]}
    onMouseEnter={[Function]}
    onMouseLeave={[Function]}
  >
    <div
      className="small-movie-card__image"
    >
      <video
        controls={false}
        height="175"
        loop={true}
        muted={true}
        poster="img/fantastic-beasts-the-crimes-of-grindelwald.jpg"
        width="280"
      >
        <source
          src="https://download.blender.org/durian/trailer/sintel_trailer-480p.mp4"
          type="video/mp4"
        />
      </video>
    </div>
    <h3
      className="small-movie-card__title"
    >
      <a
        className="small-movie-card__link"
      >
        Fantastic Beasts: The Crimes of Grindelwald
      </a>
    </h3>
  </article>
  <article
    className="small-movie-card catalog__movies-card"
    onClick={[Function]}
    onMouseEnter={[Function]}
    onMouseLeave={[Function]}
  >
    <div
      className="small-movie-card__image"
    >
      <video
        controls={false}
        height="175"
        loop={true}
        muted={true}
        poster="img/bohemian-rhapsody.jpg"
        width="280"
      >
        <source
          src="https://download.blender.org/durian/trailer/sintel_trailer-480p.mp4"
          type="video/mp4"
        />
      </video>
    </div>
    <h3
      className="small-movie-card__title"
    >
      <a
        className="small-movie-card__link"
      >
        Bohemian Rhapsody
      </a>
    </h3>
  </article>
  <article
    className="small-movie-card catalog__movies-card"
    onClick={[Function]}
    onMouseEnter={[Function]}
    onMouseLeave={[Function]}
  >
    <div
      className="small-movie-card__image"
    >
      <video
        controls={false}
        height="175"
        loop={true}
        muted={true}
        poster="img/macbeth.jpg"
        width="280"
      >
        <source
          src="https://download.blender.org/durian/trailer/sintel_trailer-480p.mp4"
          type="video/mp4"
        />
      </video>
    </div>
    <h3
      className="small-movie-card__title"
    >
      <a
        className="small-movie-card__link"
      >
        Macbeth
      </a>
    </h3>
  </article>
</div>
`;
