// Jest Snapshot v1, https://goo.gl/fbAQLP

exports[`Should ReviewsComponent render correctly 1`] = `
<div
  className="movie-card__reviews movie-card__row"
>
  <div
    className="movie-card__reviews-col"
  >
    <div
      className="review"
    >
      <blockquote
        className="review__quote"
      >
        <p
          className="review__text"
          style={
            Object {
              "overflowWrap": "break-word",
            }
          }
        >
          Discerning travellers and Wes Anderson fans will luxuriate in the glorious Mittel-European kitsch of one of the director's funniest and most exquisitely designed movies in years.
        </p>
        <footer
          className="review__details"
        >
          <cite
            className="review__author"
          >
            Viktor Savinov
          </cite>
          <time
            className="review__date"
            dateTime="2019-05-08"
          >
            May 08, 2019
          </time>
        </footer>
      </blockquote>
      <div
        className="review__rating"
      >
        3,2
      </div>
    </div>
    <div
      className="review"
    >
      <blockquote
        className="review__quote"
      >
        <p
          className="review__text"
          style={
            Object {
              "overflowWrap": "break-word",
            }
          }
        >
          Discerning travellers and Wes Anderson fans will luxuriate in the glorious Mittel-European kitsch of one of the director's funniest and most exquisitely designed movies in years.
        </p>
        <footer
          className="review__details"
        >
          <cite
            className="review__author"
          >
            Alexandra Pushina
          </cite>
          <time
            className="review__date"
            dateTime="2019-05-08"
          >
            May 08, 2019
          </time>
        </footer>
      </blockquote>
      <div
        className="review__rating"
      >
        4,2
      </div>
    </div>
  </div>
  <div
    className="movie-card__reviews-col"
  >
    <div
      className="review"
    >
      <blockquote
        className="review__quote"
      >
        <p
          className="review__text"
          style={
            Object {
              "overflowWrap": "break-word",
            }
          }
        >
          Discerning travellers and Wes Anderson fans will luxuriate in the glorious Mittel-European kitsch of one of the director's funniest and most exquisitely designed movies in years.
        </p>
        <footer
          className="review__details"
        >
          <cite
            className="review__author"
          >
            Julia Kim
          </cite>
          <time
            className="review__date"
            dateTime="2019-05-08"
          >
            May 08, 2019
          </time>
        </footer>
      </blockquote>
      <div
        className="review__rating"
      >
        5,2
      </div>
    </div>
    <div
      className="review"
    >
      <blockquote
        className="review__quote"
      >
        <p
          className="review__text"
          style={
            Object {
              "overflowWrap": "break-word",
            }
          }
        >
          Discerning travellers and Wes Anderson fans will luxuriate in the glorious Mittel-European kitsch of one of the director's funniest and most exquisitely designed movies in years.
        </p>
        <footer
          className="review__details"
        >
          <cite
            className="review__author"
          >
            Anton Timoshenkov
          </cite>
          <time
            className="review__date"
            dateTime="2019-05-08"
          >
            May 08, 2019
          </time>
        </footer>
      </blockquote>
      <div
        className="review__rating"
      >
        6,2
      </div>
    </div>
  </div>
</div>
`;
