// Jest Snapshot v1, https://goo.gl/fbAQLP

exports[`Should MoviePageComponent render correctly 1`] = `
Array [
  <section
    className="movie-card movie-card--full"
  >
    <div
      className="movie-card__hero"
    >
      <div
        className="movie-card__bg"
      >
        <img
          alt="Fantastic Beasts: The Crimes of Grindelwald"
          src="img/bg-fantastic-beasts-the-crimes-of-grindelwald.jpg"
          style={
            Object {
              "backgroundColor": "#ffffff",
            }
          }
        />
      </div>
      <h1
        className="visually-hidden"
      >
        WTW
      </h1>
      <header
        className="page-header movie-card__head"
      >
        <div
          className="logo"
        >
          <a
            className="logo__link"
            href="/"
            onClick={[Function]}
          >
            <span
              className="logo__letter logo__letter--1"
            >
              W
            </span>
            <span
              className="logo__letter logo__letter--2"
            >
              T
            </span>
            <span
              className="logo__letter logo__letter--3"
            >
              W
            </span>
          </a>
        </div>
        <div
          className="user-block"
        >
          <div
            className="user-block__avatar"
          >
            <img
              alt="User avatar"
              height="63"
              onClick={[Function]}
              src="img/avatar.jpg"
              width="63"
            />
          </div>
        </div>
      </header>
      <div
        className="movie-card__wrap"
      >
        <div
          className="movie-card__desc"
        >
          <h2
            className="movie-card__title"
          >
            Fantastic Beasts: The Crimes of Grindelwald
          </h2>
          <p
            className="movie-card__meta"
          >
            <span
              className="movie-card__genre"
            >
              Sci-Fi
            </span>
            <span
              className="movie-card__year"
            >
              2011
            </span>
          </p>
          <div
            className="movie-card__buttons"
          >
            <a
              className="btn btn--play movie-card__button"
              href="/player/Fantastic Beasts: The Crimes of Grindelwald1"
              onClick={[Function]}
            >
              <svg
                height="19"
                viewBox="0 0 19 19"
                width="19"
              >
                <use
                  xlinkHref="#play-s"
                />
              </svg>
              <span>
                Play
              </span>
            </a>
            <button
              className="btn btn--list movie-card__button"
              onClick={[Function]}
              type="button"
            >
              <svg
                height="20"
                viewBox="0 0 19 20"
                width="19"
              >
                <use
                  xlinkHref="#add"
                />
              </svg>
              <span>
                My list
              </span>
            </button>
            <a
              className="btn movie-card__button"
              href="/films/Fantastic Beasts: The Crimes of Grindelwald1/review"
              onClick={[Function]}
            >
              Add review
            </a>
          </div>
        </div>
      </div>
    </div>
    <div
      className="movie-card__wrap movie-card__translate-top"
    >
      <div
        className="movie-card__info"
      >
        <div
          className="movie-card__poster movie-card__poster--big"
        >
          <img
            alt="Fantastic Beasts: The Crimes of Grindelwald poster"
            height="327"
            src="img/fantastic-beasts-the-crimes-of-grindelwald-poster.jpg"
            width="218"
          />
        </div>
        <div
          className="movie-card__desc"
        >
          <nav
            className="movie-nav movie-card__nav"
          >
            <ul
              className="movie-nav__list"
            >
              <li
                className="movie-nav__item"
              >
                <a
                  className="movie-nav__link"
                  href="#"
                  onClick={[Function]}
                >
                  Overview
                </a>
              </li>
              <li
                className="movie-nav__item"
              >
                <a
                  className="movie-nav__link"
                  href="#"
                  onClick={[Function]}
                >
                  Details
                </a>
              </li>
              <li
                className="movie-nav__item movie-nav__item--active"
              >
                <a
                  className="movie-nav__link"
                  href="#"
                  onClick={[Function]}
                >
                  Reviews
                </a>
              </li>
            </ul>
          </nav>
          <div
            className="movie-card__reviews movie-card__row"
          >
            <div
              className="movie-card__reviews-col"
            >
              <div
                className="review"
              >
                <blockquote
                  className="review__quote"
                >
                  <p
                    className="review__text"
                    style={
                      Object {
                        "overflowWrap": "break-word",
                      }
                    }
                  >
                    Discerning travellers and Wes Anderson fans will luxuriate in the glorious Mittel-European kitsch of one of the director's funniest and most exquisitely designed movies in years.
                  </p>
                  <footer
                    className="review__details"
                  >
                    <cite
                      className="review__author"
                    >
                      Viktor Savinov
                    </cite>
                    <time
                      className="review__date"
                      dateTime="2019-05-08"
                    >
                      May 08, 2019
                    </time>
                  </footer>
                </blockquote>
                <div
                  className="review__rating"
                >
                  3,2
                </div>
              </div>
              <div
                className="review"
              >
                <blockquote
                  className="review__quote"
                >
                  <p
                    className="review__text"
                    style={
                      Object {
                        "overflowWrap": "break-word",
                      }
                    }
                  >
                    Discerning travellers and Wes Anderson fans will luxuriate in the glorious Mittel-European kitsch of one of the director's funniest and most exquisitely designed movies in years.
                  </p>
                  <footer
                    className="review__details"
                  >
                    <cite
                      className="review__author"
                    >
                      Alexandra Pushina
                    </cite>
                    <time
                      className="review__date"
                      dateTime="2019-05-08"
                    >
                      May 08, 2019
                    </time>
                  </footer>
                </blockquote>
                <div
                  className="review__rating"
                >
                  4,2
                </div>
              </div>
            </div>
            <div
              className="movie-card__reviews-col"
            >
              <div
                className="review"
              >
                <blockquote
                  className="review__quote"
                >
                  <p
                    className="review__text"
                    style={
                      Object {
                        "overflowWrap": "break-word",
                      }
                    }
                  >
                    Discerning travellers and Wes Anderson fans will luxuriate in the glorious Mittel-European kitsch of one of the director's funniest and most exquisitely designed movies in years.
                  </p>
                  <footer
                    className="review__details"
                  >
                    <cite
                      className="review__author"
                    >
                      Julia Kim
                    </cite>
                    <time
                      className="review__date"
                      dateTime="2019-05-08"
                    >
                      May 08, 2019
                    </time>
                  </footer>
                </blockquote>
                <div
                  className="review__rating"
                >
                  5,2
                </div>
              </div>
              <div
                className="review"
              >
                <blockquote
                  className="review__quote"
                >
                  <p
                    className="review__text"
                    style={
                      Object {
                        "overflowWrap": "break-word",
                      }
                    }
                  >
                    Discerning travellers and Wes Anderson fans will luxuriate in the glorious Mittel-European kitsch of one of the director's funniest and most exquisitely designed movies in years.
                  </p>
                  <footer
                    className="review__details"
                  >
                    <cite
                      className="review__author"
                    >
                      Anton Timoshenkov
                    </cite>
                    <time
                      className="review__date"
                      dateTime="2019-05-08"
                    >
                      May 08, 2019
                    </time>
                  </footer>
                </blockquote>
                <div
                  className="review__rating"
                >
                  6,2
                </div>
              </div>
            </div>
          </div>
        </div>
      </div>
    </div>
  </section>,
  <div
    className="page-content"
  >
    <section
      className="catalog catalog--like-this"
    >
      <h2
        className="catalog__title"
      >
        More like this
      </h2>
      <div
        className="catalog__movies-list"
      >
        <article
          className="small-movie-card catalog__movies-card"
          onClick={[Function]}
          onMouseEnter={[Function]}
          onMouseLeave={[Function]}
        >
          <div
            className="small-movie-card__image"
          >
            <video
              controls={false}
              height="175"
              loop={true}
              muted={true}
              poster="img/fantastic-beasts-the-crimes-of-grindelwald.jpg"
              preload="none"
              width="280"
            >
              <source
                src="https://download.blender.org/durian/trailer/sintel_trailer-480p.mp4"
                type="video/mp4"
              />
            </video>
          </div>
          <h3
            className="small-movie-card__title"
          >
            <a
              className="small-movie-card__link"
              href=""
            >
              Fantastic Beasts: The Crimes of Grindelwald
            </a>
          </h3>
        </article>
        <article
          className="small-movie-card catalog__movies-card"
          onClick={[Function]}
          onMouseEnter={[Function]}
          onMouseLeave={[Function]}
        >
          <div
            className="small-movie-card__image"
          >
            <video
              controls={false}
              height="175"
              loop={true}
              muted={true}
              poster="img/bohemian-rhapsody.jpg"
              preload="none"
              width="280"
            >
              <source
                src="https://download.blender.org/durian/trailer/sintel_trailer-480p.mp4"
                type="video/mp4"
              />
            </video>
          </div>
          <h3
            className="small-movie-card__title"
          >
            <a
              className="small-movie-card__link"
              href=""
            >
              Bohemian Rhapsody
            </a>
          </h3>
        </article>
        <article
          className="small-movie-card catalog__movies-card"
          onClick={[Function]}
          onMouseEnter={[Function]}
          onMouseLeave={[Function]}
        >
          <div
            className="small-movie-card__image"
          >
            <video
              controls={false}
              height="175"
              loop={true}
              muted={true}
              poster="img/macbeth.jpg"
              preload="none"
              width="280"
            >
              <source
                src="https://download.blender.org/durian/trailer/sintel_trailer-480p.mp4"
                type="video/mp4"
              />
            </video>
          </div>
          <h3
            className="small-movie-card__title"
          >
            <a
              className="small-movie-card__link"
              href=""
            >
              Macbeth
            </a>
          </h3>
        </article>
      </div>
    </section>
    <footer
      className="page-footer"
    >
      <div
        className="logo"
      >
        <a
          className="logo__link logo__link--light"
          href="/"
          onClick={[Function]}
        >
          <span
            className="logo__letter logo__letter--1"
          >
            W
          </span>
          <span
            className="logo__letter logo__letter--2"
          >
            T
          </span>
          <span
            className="logo__letter logo__letter--3"
          >
            W
          </span>
        </a>
      </div>
      <div
        className="copyright"
      >
        <p>
          © 2019 What to watch Ltd.
        </p>
      </div>
    </footer>
  </div>,
]
`;
