// Jest Snapshot v1, https://goo.gl/fbAQLP

exports[`Should FilmCardWrappedComponent render corrently 1`] = `
<article
  className="small-movie-card catalog__movies-card"
  onClick={[Function]}
  onMouseEnter={[Function]}
  onMouseLeave={[Function]}
>
  <div
    className="small-movie-card__image"
  >
    <video
      controls={false}
      height="175"
      loop={true}
      muted={true}
      poster="img/fantastic-beasts-the-crimes-of-grindelwald.jpg"
      preload="none"
      width="280"
    >
      <source
        src="https://download.blender.org/durian/trailer/sintel_trailer-480p.mp4"
        type="video/mp4"
      />
    </video>
  </div>
  <h3
    className="small-movie-card__title"
  >
    <a
      className="small-movie-card__link"
      href=""
    >
      Fantastic Beasts: The Crimes of Grindelwald
    </a>
  </h3>
</article>
`;
